// Jest Snapshot v1, https://jestjs.io/docs/snapshot-testing

exports[`<FilterBar /> matches snapshot 1`] = `
<DocumentFragment>
  <div
    class="bg-white p-4 rounded-lg shadow-sm border border-gray-200"
  >
    <div
      class="flex items-center gap-4 flex-wrap"
    >
      <div
        class="flex items-center gap-2"
      >
        <svg
          aria-hidden="true"
          class="lucide lucide-funnel w-4 h-4 text-gray-900"
          fill="none"
          height="24"
          stroke="currentColor"
          stroke-linecap="round"
          stroke-linejoin="round"
          stroke-width="2"
          viewBox="0 0 24 24"
          width="24"
          xmlns="http://www.w3.org/2000/svg"
        >
          <path
            d="M10 20a1 1 0 0 0 .553.895l2 1A1 1 0 0 0 14 21v-7a2 2 0 0 1 .517-1.341L21.74 4.67A1 1 0 0 0 21 3H3a1 1 0 0 0-.742 1.67l7.225 7.989A2 2 0 0 1 10 14z"
          />
        </svg>
        <span
          class="text-sm font-medium text-gray-900"
        >
          Filters
        </span>
      </div>
      <label
        class="sr-only"
        for="channel"
      >
        Channel
      </label>
      <select
        class="border border-gray-300 text-gray-700 rounded-md px-3 py-1 text-sm focus:outline-none focus:ring-2 focus:ring-blue-500"
        id="channel"
      >
        <option
          value=""
        >
          All channels
        </option>
        <option
          value="hostaway"
        >
          Hostaway
        </option>
        <option
          value="airbnb"
        >
          Airbnb
        </option>
        <option
          value="booking"
        >
          Booking.com
        </option>
        <option
          value="google"
        >
          Google
        </option>
      </select>
      <label
        class="sr-only"
        for="rating"
      >
        Min rating
      </label>
      <select
        class="border border-gray-300 text-gray-700 rounded-md px-3 py-1 text-sm focus:outline-none focus:ring-2 focus:ring-blue-500"
        id="rating"
      >
        <option
          value=""
        >
          All ratings
        </option>
        <option
          value="5"
        >
          5 Stars
        </option>
        <option
          value="4"
        >
          4+ Stars
        </option>
        <option
          value="3"
        >
          3+ Stars
        </option>
        <option
          value="2"
        >
          2+ Stars
        </option>
        <option
          value="1"
        >
          1+ Stars
        </option>
      </select>
      <label
        class="sr-only"
        for="status"
      >
        Status
      </label>
      <select
        class="border border-gray-300 text-gray-700 rounded-md px-3 py-1 text-sm focus:outline-none focus:ring-2 focus:ring-blue-500"
        id="status"
      >
        <option
          value="all"
        >
          All reviews
        </option>
        <option
          value="pending"
        >
          Pending
        </option>
        <option
          value="approved"
        >
          Approved
        </option>
        <option
          value="rejected"
        >
          Rejected
        </option>
      </select>
      <label
        class="sr-only"
        for="category"
      >
        Category
      </label>
      <select
        class="border border-gray-300 text-gray-700 rounded-md px-3 py-1 text-sm focus:outline-none focus:ring-2 focus:ring-blue-500"
        id="category"
      >
        <option
          value=""
        >
          All categories
        </option>
        <option
          value="cleanliness"
        >
          Cleanliness
        </option>
        <option
          value="communication"
        >
          Communication
        </option>
        <option
          value="location"
        >
          Location
        </option>
        <option
          value="accuracy"
        >
          Accuracy
        </option>
        <option
          value="checkin"
        >
          Check-in
        </option>
        <option
          value="value"
        >
          Value
        </option>
      </select>
      <label
        class="sr-only"
        for="minCategory"
      >
        Min sub-score
      </label>
      <select
        class="border border-gray-300 text-gray-700 rounded-md px-3 py-1 text-sm focus:outline-none focus:ring-2 focus:ring-blue-500"
        disabled=""
        id="minCategory"
        title="Select a category first"
      >
        <option
          value=""
        >
          Any
        </option>
        <option
          value="5"
        >
          5
        </option>
        <option
          value="4"
        >
          4+
        </option>
        <option
          value="3"
        >
          3+
        </option>
        <option
          value="2"
        >
          2+
        </option>
        <option
          value="1"
        >
          1+
        </option>
      </select>
      <label
        class="sr-only"
        for="sort"
      >
        Sort
      </label>
      <select
        class="border border-gray-300 text-gray-700 rounded-md px-3 py-1 text-sm focus:outline-none focus:ring-2 focus:ring-blue-500"
        id="sort"
      >
        <option
          value="date_desc"
        >
          Newest
        </option>
        <option
          value="date_asc"
        >
          Oldest
        </option>
        <option
          value="rating_desc"
        >
          Rating: High → Low
        </option>
        <option
          value="rating_asc"
        >
          Rating: Low → High
        </option>
      </select>
      <div
        class="flex items-center gap-2"
      >
        <label
          class="sr-only"
          for="startDate"
        >
          Start date
        </label>
        <input
          class="border border-gray-300 text-gray-700 rounded-md px-3 py-1 text-sm focus:outline-none focus:ring-2 focus:ring-blue-500"
          id="startDate"
          type="date"
          value=""
        />
        <span
          class="text-gray-400"
        >
          to
        </span>
        <label
          class="sr-only"
          for="endDate"
        >
          End date
        </label>
        <input
          class="border border-gray-300 text-gray-700 rounded-md px-3 py-1 text-sm focus:outline-none focus:ring-2 focus:ring-blue-500"
          id="endDate"
          type="date"
          value=""
        />
      </div>
      <button
        class="flex items-center gap-1 px-3 py-1 text-sm text-red-600 hover:bg-red-50 disabled:opacity-50 disabled:cursor-not-allowed rounded-md transition-colors"
        disabled=""
      >
        <svg
          aria-hidden="true"
          class="lucide lucide-x w-4 h-4"
          fill="none"
          height="24"
          stroke="currentColor"
          stroke-linecap="round"
          stroke-linejoin="round"
          stroke-width="2"
          viewBox="0 0 24 24"
          width="24"
          xmlns="http://www.w3.org/2000/svg"
        >
          <path
            d="M18 6 6 18"
          />
          <path
            d="m6 6 12 12"
          />
        </svg>
        Clear
      </button>
    </div>
  </div>
</DocumentFragment>
`;
